
  .   ____          _            __ _ _
 /\\ / ___'_ __ _ _(_)_ __  __ _ \ \ \ \
( ( )\___ | '_ | '_| | '_ \/ _` | \ \ \ \
 \\/  ___)| |_)| | | | | || (_| |  ) ) ) )
  '  |____| .__|_| |_|_| |_\__, | / / / /
 =========|_|==============|___/=/_/_/_/

 :: Spring Boot ::                (v3.4.0)

2026-08-02T13:44:29.487+08:00  INFO 3735 --- [paperpilot-server] [           main] c.p.server.PaperPilotApplication         : Starting PaperPilotApplication v0.0.1-SNAPSHOT using Java 21.0.9 with PID 3735 (/Users/yuan/Desktop/Solve Paper/backend/target/paperpilot-server-0.0.1-SNAPSHOT.jar started by yuan in /Users/yuan/Desktop/Solve Paper)
2026-08-02T13:44:29.488+08:00  INFO 3735 --- [paperpilot-server] [           main] c.p.server.PaperPilotApplication         : No active profile set, falling back to 1 default profile: "default"
2026-08-02T13:44:29.917+08:00  INFO 3735 --- [paperpilot-server] [           main] .s.d.r.c.RepositoryConfigurationDelegate : Bootstrapping Spring Data JPA repositories in DEFAULT mode.
2026-08-02T13:44:29.956+08:00  INFO 3735 --- [paperpilot-server] [           main] .s.d.r.c.RepositoryConfigurationDelegate : Finished Spring Data repository scanning in 35 ms. Found 34 JPA repository interfaces.
2026-08-02T13:44:30.281+08:00  INFO 3735 --- [paperpilot-server] [           main] o.s.b.w.embedded.tomcat.TomcatWebServer  : Tomcat initialized with port 8080 (http)
2026-08-02T13:44:30.288+08:00  INFO 3735 --- [paperpilot-server] [           main] o.apache.catalina.core.StandardService   : Starting service [Tomcat]
2026-08-02T13:44:30.288+08:00  INFO 3735 --- [paperpilot-server] [           main] o.apache.catalina.core.StandardEngine    : Starting Servlet engine: [Apache Tomcat/10.1.33]
2026-08-02T13:44:30.301+08:00  INFO 3735 --- [paperpilot-server] [           main] o.a.c.c.C.[Tomcat].[localhost].[/]       : Initializing Spring embedded WebApplicationContext
2026-08-02T13:44:30.302+08:00  INFO 3735 --- [paperpilot-server] [           main] w.s.c.ServletWebServerApplicationContext : Root WebApplicationContext: initialization completed in 795 ms
2026-08-02T13:44:30.420+08:00  INFO 3735 --- [paperpilot-server] [           main] o.hibernate.jpa.internal.util.LogHelper  : HHH000204: Processing PersistenceUnitInfo [name: default]
2026-08-02T13:44:30.450+08:00  INFO 3735 --- [paperpilot-server] [           main] org.hibernate.Version                    : HHH000412: Hibernate ORM core version 6.6.2.Final
2026-08-02T13:44:30.466+08:00  INFO 3735 --- [paperpilot-server] [           main] o.h.c.internal.RegionFactoryInitiator    : HHH000026: Second-level cache disabled
2026-08-02T13:44:30.582+08:00  INFO 3735 --- [paperpilot-server] [           main] o.s.o.j.p.SpringPersistenceUnitInfo      : No LoadTimeWeaver setup: ignoring JPA class transformer
2026-08-02T13:44:30.595+08:00  INFO 3735 --- [paperpilot-server] [           main] com.zaxxer.hikari.HikariDataSource       : HikariPool-1 - Starting...
2026-08-02T13:44:30.677+08:00  INFO 3735 --- [paperpilot-server] [           main] com.zaxxer.hikari.pool.HikariPool        : HikariPool-1 - Added connection com.mysql.cj.jdbc.ConnectionImpl@53b2e1eb
2026-08-02T13:44:30.678+08:00  INFO 3735 --- [paperpilot-server] [           main] com.zaxxer.hikari.HikariDataSource       : HikariPool-1 - Start completed.
2026-08-02T13:44:30.710+08:00  INFO 3735 --- [paperpilot-server] [           main] org.hibernate.orm.connections.pooling    : HHH10001005: Database info:
	Database JDBC URL [Connecting through datasource 'HikariDataSource (HikariPool-1)']
	Database driver: undefined/unknown
	Database version: 9.5
	Autocommit mode: undefined/unknown
	Isolation level: undefined/unknown
	Minimum pool size: undefined/unknown
	Maximum pool size: undefined/unknown
2026-08-02T13:44:31.266+08:00  INFO 3735 --- [paperpilot-server] [           main] o.h.e.t.j.p.i.JtaPlatformInitiator       : HHH000489: No JTA platform available (set 'hibernate.transaction.jta.platform' to enable JTA platform integration)
2026-08-02T13:44:31.322+08:00  INFO 3735 --- [paperpilot-server] [           main] j.LocalContainerEntityManagerFactoryBean : Initialized JPA EntityManagerFactory for persistence unit 'default'
2026-08-02T13:44:31.466+08:00  INFO 3735 --- [paperpilot-server] [           main] o.s.d.j.r.query.QueryEnhancerFactory     : Hibernate is in classpath; If applicable, HQL parser will be used.
2026-08-02T13:44:32.900+08:00  INFO 3735 --- [paperpilot-server] [           main] o.s.b.a.e.web.EndpointLinksResolver      : Exposing 1 endpoint beneath base path '/actuator'
2026-08-02T13:44:32.933+08:00  INFO 3735 --- [paperpilot-server] [           main] o.s.b.w.embedded.tomcat.TomcatWebServer  : Tomcat started on port 8080 (http) with context path '/'
2026-08-02T13:44:32.943+08:00  INFO 3735 --- [paperpilot-server] [           main] c.p.server.PaperPilotApplication         : Started PaperPilotApplication in 3.642 seconds (process running for 3.952)
2026-08-02T13:44:37.024+08:00  INFO 3735 --- [paperpilot-server] [nio-8080-exec-1] o.a.c.c.C.[Tomcat].[localhost].[/]       : Initializing Spring DispatcherServlet 'dispatcherServlet'
2026-08-02T13:44:37.024+08:00  INFO 3735 --- [paperpilot-server] [nio-8080-exec-1] o.s.web.servlet.DispatcherServlet        : Initializing Servlet 'dispatcherServlet'
2026-08-02T13:44:37.026+08:00  INFO 3735 --- [paperpilot-server] [nio-8080-exec-1] o.s.web.servlet.DispatcherServlet        : Completed initialization in 1 ms
